npm warn deprecated tar@6.2.1: Old versions of tar are not supported, and contain widely publicized security vulnerabilities, which have been fixed in the current version. Please update. Support for old versions may be purchased (at exorbitant rates) by contacting i@izs.me
npm warn deprecated unplugin-vue-router@0.7.0: Merged into vuejs/router. Migrate: https://router.vuejs.org/guide/migration/v4-to-v5.html
npm warn deprecated tar@6.2.1: Old versions of tar are not supported, and contain widely publicized security vulnerabilities, which have been fixed in the current version. Please update. Support for old versions may be purchased (at exorbitant rates) by contacting i@izs.me
npm warn cleanup Failed to remove some directories [
npm warn cleanup   [
npm warn cleanup     'D:\\domains\\ratingo-admin\\node_modules\\@esbuild\\.win32-x64-rRQ80ttj',
npm warn cleanup     [Error: EPERM: operation not permitted, unlink 'D:\domains\ratingo-admin\node_modules\@esbuild\.win32-x64-rRQ80ttj\esbuild.exe'] {
npm warn cleanup       errno: -4048,
npm warn cleanup       code: 'EPERM',
npm warn cleanup       syscall: 'unlink',
npm warn cleanup       path: 'D:\\domains\\ratingo-admin\\node_modules\\@esbuild\\.win32-x64-rRQ80ttj\\esbuild.exe'
npm warn cleanup     }
npm warn cleanup   ],
npm warn cleanup   [
npm warn cleanup     'D:\\domains\\ratingo-admin\\node_modules\\@oxc-parser\\.binding-win32-x64-msvc-nwVnOgOD',
npm warn cleanup     [Error: EPERM: operation not permitted, unlink 'D:\domains\ratingo-admin\node_modules\@oxc-parser\.binding-win32-x64-msvc-nwVnOgOD\parser.win32-x64-msvc.node'] {
npm warn cleanup       errno: -4048,
npm warn cleanup       code: 'EPERM',
npm warn cleanup       syscall: 'unlink',
npm warn cleanup       path: 'D:\\domains\\ratingo-admin\\node_modules\\@oxc-parser\\.binding-win32-x64-msvc-nwVnOgOD\\parser.win32-x64-msvc.node'
npm warn cleanup     }
npm warn cleanup   ],
npm warn cleanup   [
npm warn cleanup     'D:\\domains\\ratingo-admin\\node_modules\\@oxc-transform\\.binding-win32-x64-msvc-rYheo77Q',
npm warn cleanup     [Error: EPERM: operation not permitted, unlink 'D:\domains\ratingo-admin\node_modules\@oxc-transform\.binding-win32-x64-msvc-rYheo77Q\transform.win32-x64-msvc.node'] {
npm warn cleanup       errno: -4048,
npm warn cleanup       code: 'EPERM',
npm warn cleanup       syscall: 'unlink',
npm warn cleanup       path: 'D:\\domains\\ratingo-admin\\node_modules\\@oxc-transform\\.binding-win32-x64-msvc-rYheo77Q\\transform.win32-x64-msvc.node'
npm warn cleanup     }
npm warn cleanup   ],
npm warn cleanup   [
npm warn cleanup     'D:\\domains\\ratingo-admin\\node_modules\\@oxc-minify\\.binding-win32-x64-msvc-Dt4q03Pw',
npm warn cleanup     [Error: EPERM: operation not permitted, unlink 'D:\domains\ratingo-admin\node_modules\@oxc-minify\.binding-win32-x64-msvc-Dt4q03Pw\minify.win32-x64-msvc.node'] {
npm warn cleanup       errno: -4048,
npm warn cleanup       code: 'EPERM',
npm warn cleanup       syscall: 'unlink',
npm warn cleanup       path: 'D:\\domains\\ratingo-admin\\node_modules\\@oxc-minify\\.binding-win32-x64-msvc-Dt4q03Pw\\minify.win32-x64-msvc.node'
npm warn cleanup     }
npm warn cleanup   ],
npm warn cleanup   [
npm warn cleanup     'D:\\domains\\ratingo-admin\\node_modules\\.vite-NnVo8WHq',
npm warn cleanup     [Error: EPERM: operation not permitted, unlink 'D:\domains\ratingo-admin\node_modules\.vite-NnVo8WHq\node_modules\@esbuild\win32-x64\esbuild.exe'] {
npm warn cleanup       errno: -4048,
npm warn cleanup       code: 'EPERM',
npm warn cleanup       syscall: 'unlink',
npm warn cleanup       path: 'D:\\domains\\ratingo-admin\\node_modules\\.vite-NnVo8WHq\\node_modules\\@esbuild\\win32-x64\\esbuild.exe'
npm warn cleanup     }
npm warn cleanup   ]
npm warn cleanup ]

> postinstall
> nuxt prepare


 WARN  Module pinia is disabled due to incompatibility issues:
 - [nuxt] Nuxt version ^2.0.0 || >=3.13.0 is required but currently using 3.11.2

[nuxt:tailwindcss] i Using default Tailwind CSS file

[nitro]  WARN  Please add compatibilityDate: '2026-05-25' to the config file. Using 2024-04-03 as fallback.
       More info: https://nitro.build/deploy#compatibility-date

|
*  Types generated in .nuxt.

added 202 packages, removed 88 packages, changed 105 packages, and audited 865 packages in 58s

173 packages are looking for funding
  run `npm fund` for details

16 vulnerabilities (3 low, 6 moderate, 6 high, 1 critical)

To address all issues, run:
  npm audit fix --force

Run `npm audit` for details.
